HANDY.....
..........
..........
..........
..........
..........
..........
..........
5111100000
0000000000
0000000000
0000000000
0000000000
0000000000
0000000000
0000000000
