M.........
E.........
A.........
B.........
L.........
E.........
..........
..........
5000000000
5000000000
1000000000
1000000000
1000000000
1000000000
0000000000
0000000000
