.............
.............
..S...B......
..TAKER......
..O...O......
..N...O......
..Y...K......
.............
0000000000000
0000000000000
0010001000000
0011111000000
0010001000000
0010001000000
0010001000000
0000000000000
