.............
...SIMONS....
...A....U....
...B..CENTER.
...L.......A.
..GEOMETRY.I.
....X.....AND
..PHYSICS....
0000000000000
0001111110000
0001000010000
0001001111110
0001000000010
0011111111010
0000100000111
0011111110000
