...POTATOES.....O....
...E..........BEAT...
...CALTHA.......S....
...U...Y.......TIPSY.
SOIL..ABASHEDNESS....
...I...R....I..A.....
...ACIDIC..SNEER.....
...R...D....G........
.......STRATONIC.....
.....................
000111111110000010000
000100000000001111000
000111111000000010000
000100010000000111110
111100111111111110000
000100010000100100000
000111111001111100000
000100010000100000000
000000011111111100000
000000000000000000000
