A..........
B....OH....
DINEURIC...
O......A...
M......B...
I....PABBLE
N......A...
O......G...
P......E...
O..........
S..........
T..........
E..........
R..........
I..........
O..........
R..........
10000000000
10000110000
11112111000
10000001000
10000001000
10000531321
10000001000
10000001000
10000001000
10000000000
10000000000
10000000000
10000000000
10000000000
10000000000
10000000000
10000000000
