CABDRIVER..
A......A...
R......R...
N......P...
I......H...
V......O...
A......N...
LIGHTKEEPER
11222221200
10000001000
10000001000
10000001000
10000001000
10000001000
10000001000
11111111111
