..........
..........
...T.MOON.
..HOME....
...P.T....
...M.A....
.SNAIL....
...N......
0000000000
0000000000
0001021110
0011110000
0001010000
0001010000
0111110000
0001000000
