.................
.................
.................
........E........
.....B..X........
.ABEARANCE.......
.....A..E........
.....M..L........
...EMBALLONURIDAE
.....L..E........
...ABERUNCATOR...
.....B..C........
.....E..E........
.....R...........
.....R...........
.....Y...........
00000000000000000
00000000000000000
00000000000000000
00000000100000000
00000100100000000
02311112210000000
00000100100000000
00000100100000000
00011111111111111
00000100100000000
00011111111111000
00000100100000000
00000100100000000
00000100000000000
00000100000000000
00000100000000000
