..........
....C.....
....A.....
..HOME....
....A.....
....R.....
....A.....
....D.....
....E.....
....R.....
....I.....
....E.....
0000000000
0000100000
0000100000
0011110000
0000100000
0000100000
0000100000
0000100000
0000100000
0000100000
0000100000
0000100000
