................
................
.....B..........
.....R..........
.....O..........
...UNCARNIVOROUS
.....K..........
................
0000000000000000
0000000000000000
0000010000000000
0000010000000000
0000010000000000
0001121111111111
0000010000000000
0000000000000000
