............
............
.....B......
.....R......
.....O......
.....O......
....SKELETON
............
000000000000
000000000000
000001000000
000001000000
000001000000
000001000000
000011111111
000000000000
