.....POTATOES.....O....
.....E..........BEAT...
..L..CALTHA.......S....
..I..U...Y.......TIPSY.
..SOIL..ABASHEDNESS....
..T..I...R....I..A.....
..L..ACIDIC..SNEER.....
..E..R...D....G........
..S......STRATONIC.....
..S....................
..N....................
..E....................
..S....................
..S....................
00000111111110000010000
00000100000000001111000
00100111111000000010000
00100100010000000111110
00111100111111111110000
00100100010000100100000
00100111111001111100000
00100100010000100000000
00100000011111111100000
00100000000000000000000
00100000000000000000000
00100000000000000000000
00100000000000000000000
00100000000000000000000
