.................
...SIMONS........
...A....U........
...B..CENTER.....
...L.......A.....
..GEOMETRY.I.....
....X.....ANDROID
..PHYSICS........
00000000000000000
00011111100000000
00010000100000000
00010011111100000
00010000000100000
00111111110100000
00001000001111111
00111111100000000
