.....A....
.....B....
.....S....
..HOME....
.....N....
.....C....
.....E....
..........
0000010000
0000010000
0000010000
0011110000
0000010000
0000010000
0000010000
0000000000
