...........
...........
.....B.....
.....R.....
.....O.....
.....O.....
....ADAMANT
...........
00000000000
00000000000
00000100000
00000100000
00000100000
00000100000
00001211111
00000000000
