...........
...........
...CABLE...
.....R.....
.....O.....
.....O.....
.....K.....
...........
00000000000
00000000000
00011111000
00000100000
00000100000
00000100000
00000100000
00000000000
