...........
...........
.....B.....
.....R.....
....TOG....
....HOOK...
.....K.....
...........
00000000000
00000000000
00000100000
00000100000
00001110000
00001111000
00000100000
00000000000
