..........
..........
..........
..COME....
..........
..........
..........
..........
0000000000
0000000000
0000000000
0021110000
0000000000
0000000000
0000000000
0000000000
