..........
..........
....E.....
..HOME....
..........
..........
..........
..........
0000000000
0000000000
0000100000
0011110000
0000000000
0000000000
0000000000
0000000000
