.....A....
.....B....
.....R....
..HOMO....
.....G....
.....A....
.....T....
.....I....
.....O....
.....N....
0000010000
0000010000
0000010000
0011120000
0000010000
0000010000
0000010000
0000010000
0000010000
0000010000
