..U.......
..N.......
..I.......
..COME....
..E.......
..D.......
..........
..........
0010000000
0010000000
0010000000
0021110000
0010000000
0010000000
0000000000
0000000000
