..........
..........
..........
..TOZEE...
..........
..........
..........
..........
0000000000
0000000000
0000000000
0021211000
0000000000
0000000000
0000000000
0000000000
