..U.......
..N.......
..U.......
..SOME....
..U.......
..R.......
..P.......
..I.......
..N.......
..G.......
0010000000
0010000000
0010000000
0021110000
0010000000
0010000000
0010000000
0010000000
0010000000
0010000000
