.............
.............
.....BACHELOR
.....R.......
.....O.......
.....O.......
.....K.......
.............
0000000000000
0000000000000
0000011111111
0000010000000
0000010000000
0000010000000
0000010000000
0000000000000
