..........
..........
...T.P....
..HOME....
...P.T....
...M.A....
...A.L....
...N......
0000000000
0000000000
0001010000
0011110000
0001010000
0001010000
0001010000
0001000000
