.....POTATOES.....O....
.....E..........BEAT...
.....CALTHA.......S....
.....U...Y.......TIPSY.
..SOIL..ABASHEDNESS....
.....I...R....I..A.....
.....ACIDIC..SNEER.....
.....R...D....G........
.........STRATONIC.....
.......................
00000111111110000010000
00000100000000001111000
00000111111000000010000
00000100010000000111110
00111100111111111110000
00000100010000100100000
00000111111001111100000
00000100010000100000000
00000000011111111100000
00000000000000000000000
